npm warn exec The following package was not found and will be installed: playwright@1.63.0
Error [ERR_MODULE_NOT_FOUND]: Cannot find package '@playwright/test' imported from /home/user/der-weg-nach-berlin/playwright.config.ts
    at packageResolve (node:internal/modules/esm/resolve:873:9)
    at moduleResolve (node:internal/modules/esm/resolve:946:18)
    at defaultResolve (node:internal/modules/esm/resolve:1188:11)
    at nextResolve (node:internal/modules/esm/hooks:864:28)
    at resolve2 (/home/user/.npm/_npx/e41f203b7505f1fb/node_modules/playwright/lib/transform/esmLoader.js:7988:25)
    at nextResolve (node:internal/modules/esm/hooks:864:28)
    at Hooks.resolve (node:internal/modules/esm/hooks:306:30)
    at MessagePort.handleMessage (node:internal/modules/esm/worker:196:24)
    at [nodejs.internal.kHybridDispatch] (node:internal/event_target:831:20)
    at MessagePort.<anonymous> (node:internal/per_context/messageport:23:28) {
  code: 'ERR_MODULE_NOT_FOUND'
}
npm notice
npm notice New major version of npm available! 10.8.2 -> 12.0.2
npm notice Changelog: https://github.com/npm/cli/releases/tag/v12.0.2
npm notice To update run: npm install -g npm@12.0.2
npm notice
EXIT=1
