
Running 42 tests using 1 worker

[1/42] [chromium] › tests/e2e/critical-flows.spec.ts:47:1 › critical pages have no automatically detectable serious WCAG violations
[2/42] [chromium] › tests/e2e/critical-flows.spec.ts:57:1 › library and exam hubs render their completed content contracts
[3/42] [chromium] › tests/e2e/critical-flows.spec.ts:194:1 › bilingual local search ranks German and Arabic results and returns to context
[4/42] [chromium] › tests/e2e/critical-flows.spec.ts:232:1 › visual accessibility preferences preview immediately, persist, reset, and respect system motion
[5/42] [chromium] › tests/e2e/critical-flows.spec.ts:308:1 › P0 exam readiness stays provider-scoped and exposes weak modules instead of one average
  1) [chromium] › tests/e2e/critical-flows.spec.ts:308:1 › P0 exam readiness stays provider-scoped and exposes weak modules instead of one average 

    Error: expect(locator).toHaveCount(expected) failed

    Locator:  locator('.exam-readiness-board').locator('article')
    Expected: 4
    Received: 0
    Timeout:  5000ms

    Call log:
      - Expect "toHaveCount" with timeout 5000ms
      - waiting for locator('.exam-readiness-board').locator('article')
        14 × locator resolved to 0 elements
           - unexpected value "0"


      331 |   await waitForLearningReady(page);
      332 |   const board=page.locator(".exam-readiness-board");
    > 333 |   await expect(board.locator("article")).toHaveCount(4);
          |                                          ^
      334 |   const reading=board.locator("article").filter({hasText:"القراءة"});
      335 |   await expect(reading).toContainText("6 مهام بدليل");
      336 |   await expect(reading).toContainText("50%");
        at /home/user/der-weg-nach-berlin/tests/e2e/critical-flows.spec.ts:333:42

    Error Context: test-results/critical-flows-P0-exam-rea-7eb37-ules-instead-of-one-average-chromium/error-context.md

    attachment #2: trace (application/zip) ─────────────────────────────────────────────────────────
    test-results/critical-flows-P0-exam-rea-7eb37-ules-instead-of-one-average-chromium/trace.zip
    Usage:

        npx playwright show-trace test-results/critical-flows-P0-exam-rea-7eb37-ules-instead-of-one-average-chromium/trace.zip

    ────────────────────────────────────────────────────────────────────────────────────────────────


[6/42] [chromium] › tests/e2e/critical-flows.spec.ts:354:1 › P0 onboarding captures goals and an explicit device-check skip locally
[7/42] [chromium] › tests/e2e/critical-flows.spec.ts:400:1 › an absolute beginner starts A1 step by step and never receives an isolated writing demand
[8/42] [chromium] › tests/e2e/critical-flows.spec.ts:425:1 › P0 adaptive diagnostic stops at a clear boundary and stores four skill scores
[9/42] [chromium] › tests/e2e/critical-flows.spec.ts:464:1 › P0 tutor requires per-send consent, validates structured JSON, and deletes its local trace
[10/42] [chromium] › tests/e2e/critical-flows.spec.ts:608:1 › optional AI 429 falls back locally once and retry requires fresh consent
[11/42] [chromium] › tests/e2e/critical-flows.spec.ts:618:1 › P0 daily check-in rebalances load and reflection stores tomorrow's decision
[12/42] [chromium] › tests/e2e/critical-flows.spec.ts:717:1 › P2 partial-closure guidance surfaces persist bounded local decisions
[13/42] [chromium] › tests/e2e/critical-flows.spec.ts:732:1 › P1 repeated session errors offer one learner-controlled load reduction without penalty
[14/42] [chromium] › tests/e2e/critical-flows.spec.ts:740:1 › P0 clustered error clinic opens at three occurrences and stores a transfer attempt
[15/42] [chromium] › tests/e2e/critical-flows.spec.ts:774:1 › P0 writing lab enforces plan, draft, self-check, cited feedback, and revision
[16/42] [chromium] › tests/e2e/critical-flows.spec.ts:866:1 › P0 WebGPU model is opt-in, runs ranked follow-up locally, and can be deleted
[17/42] [chromium] › tests/e2e/critical-flows.spec.ts:931:1 › standard pronunciation pack installs explicitly and matches expected German words locally
[18/42] [chromium] › tests/e2e/critical-flows.spec.ts:995:1 › guided speaking keeps learner-selected support visible, grounds typed follow-up, and requires consent before optional AI
[19/42] [chromium] › tests/e2e/critical-flows.spec.ts:1097:1 › P0 mediation lab enforces source analysis, transfer, self-check, comparison, and revision
[20/42] [chromium] › tests/e2e/critical-flows.spec.ts:1130:1 › generated library audio exposes provenance, playback, and Browser TTS fallback
[21/42] [chromium] › tests/e2e/critical-flows.spec.ts:1164:1 › generated exam clips play with limits, provenance labels, and TTS fallback
[22/42] [chromium] › tests/e2e/critical-flows.spec.ts:1308:1 › shadowing studio uses generated audio, speed controls, and delayed transcript
[23/42] [chromium] › tests/e2e/critical-flows.spec.ts:1324:1 › a complete lesson run traverses all 14 stages and persists completion
[24/42] [chromium] › tests/e2e/critical-flows.spec.ts:1658:1 › settings exports an encrypted DWNB archive and imports it as an isolated profile
[25/42] [chromium] › tests/e2e/critical-flows.spec.ts:1708:1 › a previously loaded library survives a real offline reload
[26/42] [chromium] › tests/e2e/critical-flows.spec.ts:1733:1 › the optional full content pack opens unvisited lessons and exam tasks offline
  2) [chromium] › tests/e2e/critical-flows.spec.ts:1733:1 › the optional full content pack opens unvisited lessons and exam tasks offline 

    Error: expect(locator).toBeVisible() failed

    Locator: locator('.offline-pack-card').getByText(/اكتمل تثبيت A1–B2 komplett مع الصوت/)
    Expected: visible
    Timeout: 360000ms
    Error: element(s) not found

    Call log:
      - Expect "toBeVisible" with timeout 360000ms
      - waiting for locator('.offline-pack-card').getByText(/اكتمل تثبيت A1–B2 komplett مع الصوت/)


      1759 |   await expect(downloadButton).toBeEnabled({ timeout: 30_000 });
      1760 |   await downloadButton.click();
    > 1761 |   await expect(packCard.getByText(/اكتمل تثبيت A1–B2 komplett مع الصوت/)).toBeVisible({ timeout: 360_000 });
           |                                                                           ^
      1762 |   await expect(packCard).toContainText("318 مسارًا");
      1763 |   const todayReadiness=await page.evaluate(async()=>{const worker=navigator.serviceWorker.controller;if(!worker)throw new Error("Service Worker must control the settings page");return new Promise<{type:string;missingRoutes:string[];missingAudioAssets:string[]}>((resolve,reject)=>{const channel=new MessageChannel();const timeout=setTimeout(()=>reject(new Error("readiness timeout")),10_000);channel.port1.onmessage=(event)=>{clearTimeout(timeout);resolve(event.data)};worker.postMessage({type:"DWNB_TODAY_READINESS_CHECK",policyVersion:"today-session-offline-readiness-v1",routes:["/today","/lernen/a1-01","/practice","/speaking"],audioAssets:["/audio/lessons/a1-01.mp3"]},[channel.port2])})});
      1764 |   expect(todayReadiness).toMatchObject({type:"DWNB_TODAY_READINESS_RESULT",missingRoutes:[],missingAudioAssets:[]});
        at /home/user/der-weg-nach-berlin/tests/e2e/critical-flows.spec.ts:1761:75

    Error Context: test-results/critical-flows-the-optiona-b61fe-sons-and-exam-tasks-offline-chromium/error-context.md

    attachment #2: trace (application/zip) ─────────────────────────────────────────────────────────
    test-results/critical-flows-the-optiona-b61fe-sons-and-exam-tasks-offline-chromium/trace.zip
    Usage:

        npx playwright show-trace test-results/critical-flows-the-optiona-b61fe-sons-and-exam-tasks-offline-chromium/trace.zip

    ────────────────────────────────────────────────────────────────────────────────────────────────


[27/42] [chromium] › tests/e2e/critical-flows.spec.ts:1871:1 › continuous full-exam mode persists one central clock and blocks task skipping
[28/42] [chromium] › tests/e2e/critical-flows.spec.ts:2063:1 › progress and daily coach derive metrics, risks, dates, and streaks from evidence
[29/42] [chromium] › tests/e2e/critical-flows.spec.ts:2136:1 › keyboard users can skip navigation, follow lesson focus, hear results, and escape modals
[30/42] [chromium] › tests/e2e/critical-flows.spec.ts:2184:1 › Arabic shell and every tested German or technical fragment keep explicit Bidi boundaries
[31/42] [chromium] › tests/e2e/critical-flows.spec.ts:2199:1 › high-confidence errors route through prerequisite repair into deduplicated no-mastery SRS
[32/42] [chromium] › tests/e2e/critical-flows.spec.ts:2275:1 › support use is logged without penalty and old evidence lowers confidence without deleting attempts
[33/42] [chromium] › tests/e2e/critical-flows.spec.ts:2346:1 › fourteen-day contract, quiet hours, and one-skill diagnostic stay planning-only
[34/42] [chromium] › tests/e2e/critical-flows.spec.ts:2372:1 › local study exports preview and download ICS, printable PDF, and safe Anki TSV
[35/42] [chromium] › tests/e2e/critical-flows.spec.ts:2403:1 › adaptive dictation moves from partial A1 to full A2 and stores summary only
[36/42] [chromium] › tests/e2e/critical-flows.spec.ts:2477:1 › offline branching conversations change consequences and persist structured summaries only
[37/42] [chromium] › tests/e2e/critical-flows.spec.ts:2519:1 › contextual collocation networks require exploration and match communicative intent
[38/42] [chromium] › tests/e2e/critical-flows.spec.ts:2530:1 › representative 320–1920 px viewports avoid document-level horizontal overflow
[39/42] [chromium] › tests/e2e/critical-flows.spec.ts:2572:1 › completed four-skill vocabulary progress is terminal, persisted, and continues to discovery
[40/42] [chromium] › tests/e2e/critical-flows.spec.ts:2609:1 › route × font-scale × compact-viewport matrix keeps context visible without text clipping or sibling overlap
[41/42] [chromium] › tests/e2e/critical-flows.spec.ts:2676:1 › review reminders use due SRS evidence, persist daily dismissal, and respect quiet hours
[42/42] [chromium] › tests/e2e/critical-flows.spec.ts:2701:1 › settings restores a session credential after hydration without a mismatch
  2 failed
    [chromium] › tests/e2e/critical-flows.spec.ts:308:1 › P0 exam readiness stays provider-scoped and exposes weak modules instead of one average 
    [chromium] › tests/e2e/critical-flows.spec.ts:1733:1 › the optional full content pack opens unvisited lessons and exam tasks offline 
  40 passed (13.6m)
E2E_EXIT=1
